// Jest Snapshot v1, https://goo.gl/fbAQLP

exports[`Minimal Datadog Monitor Snapshot Test 1`] = `
{
  "Resources": {
    "DatadogTestMonitor32CCE9EB": {
      "Properties": {
        "Query": "some-query",
        "Type": "metric alert",
      },
      "Type": "Datadog::Monitors::Monitor",
    },
  },
}
`;
